\BOOKMARK [1][-]{section.1}{\376\377\137\025\212\000}{}% 1
\BOOKMARK [2][-]{subsection.1.1}{\376\377\122\250\147\072\116\016\200\314\146\157}{section.1}% 2
\BOOKMARK [2][-]{subsection.1.2}{\376\377\116\073\211\201\176\323\147\234}{section.1}% 3
\BOOKMARK [1][-]{section.2}{\376\377\121\154\164\006\127\372\170\100}{}% 4
\BOOKMARK [1][-]{section.3}{\376\377\000C\000l\000i\000f\000f\000o\000r\000d\116\343\145\160\116\016\177\244\213\272}{}% 5
\BOOKMARK [2][-]{subsection.3.1}{\376\377\000C\000l\000\050\0001\000,\0007\000\051\145\313\221\317\210\150\171\072}{section.3}% 6
\BOOKMARK [2][-]{subsection.3.2}{\376\377\000q\153\324\117\213\000\040\000=\000\040\000N\000c}{section.3}% 7
\BOOKMARK [1][-]{section.4}{\376\377\131\032\122\006\137\142\214\061\116\016\117\341\140\157\121\340\117\125}{}% 8
\BOOKMARK [2][-]{subsection.4.1}{\376\377\000B\000o\000w\000e\000n\121\154\137\017\116\016\160\355\122\233\133\146\137\142\137\017\116\073\116\111}{section.4}% 9
\BOOKMARK [2][-]{subsection.4.2}{\376\377\000F\000i\000s\000h\000e\000r\117\341\140\157\116\016\000C\000r\000a\000m\000\351\000r\000-\000R\000a\000o\165\114}{section.4}% 10
\BOOKMARK [2][-]{subsection.4.3}{\376\377\000s\121\154\137\017}{section.4}% 11
\BOOKMARK [1][-]{section.5}{\376\377\173\227\133\120\164\006\213\272\116\016\214\061\133\371\136\224}{}% 12
\BOOKMARK [1][-]{section.6}{\376\377\150\007\121\306\152\041\127\213\215\050\221\317\214\061}{}% 13
\BOOKMARK [2][-]{subsection.6.1}{\376\377\176\335\133\371\000Y\000u\000k\000a\000w\000a\150\007\136\246}{section.6}% 14
\BOOKMARK [2][-]{subsection.6.2}{\376\377\133\214\145\164\215\050\221\317\214\061}{section.6}% 15
\BOOKMARK [1][-]{section.7}{\376\377\203\003\165\164\213\272\116\016\000M\000o\000r\000i\000t\000a\173\111\116\367}{}% 16
\BOOKMARK [2][-]{subsection.7.1}{\376\377\136\177\116\111\166\370\133\371\213\272\060\001\215\205\137\046\164\006\213\272\116\016\000M\164\006\213\272\166\204\135\114\121\145}{section.7}% 17
\BOOKMARK [1][-]{section.8}{\376\377\121\150\140\157\213\315\121\170}{}% 18
\BOOKMARK [2][-]{subsection.8.1}{\376\377\000M\000S\000S\155\367\154\214\165\114}{section.8}% 19
\BOOKMARK [1][-]{section.9}{\376\377\232\330\200\375\162\151\164\006\127\372\121\306}{}% 20
\BOOKMARK [2][-]{subsection.9.1}{\376\377\000L\000H\000C\145\143\134\004}{section.9}% 21
\BOOKMARK [2][-]{subsection.9.2}{\376\377\000C\000M\000B\122\006\137\142\214\061}{section.9}% 22
\BOOKMARK [2][-]{subsection.9.3}{\376\377\116\055\137\256\133\120\143\057\203\141}{section.9}% 23
\BOOKMARK [1][-]{section.10}{\376\377\176\323\213\272\116\016\134\125\147\033}{}% 24
\BOOKMARK [1][-]{appendix.A}{\376\377\145\160\120\074\232\214\213\301\131\127\116\366}{}% 25
\BOOKMARK [1][-]{appendix.B}{\376\377\000C\000l\000i\000f\000f\000o\000r\000d\116\343\145\160\000G\000a\000m\000m\000a\167\351\226\065\147\204\220\040}{}% 26
