\BOOKMARK [1][-]{section.1}{\376\377\000I\000n\000t\000r\000o\000d\000u\000c\000t\000i\000o\000n}{}% 1
\BOOKMARK [2][-]{subsection.1.1}{\376\377\000M\000o\000t\000i\000v\000a\000t\000i\000o\000n\000\040\000a\000n\000d\000\040\000B\000a\000c\000k\000g\000r\000o\000u\000n\000d}{section.1}% 2
\BOOKMARK [2][-]{subsection.1.2}{\376\377\000S\000u\000m\000m\000a\000r\000y\000\040\000o\000f\000\040\000M\000a\000i\000n\000\040\000R\000e\000s\000u\000l\000t\000s}{section.1}% 3
\BOOKMARK [1][-]{section.2}{\376\377\000A\000x\000i\000o\000m\000a\000t\000i\000c\000\040\000F\000o\000u\000n\000d\000a\000t\000i\000o\000n}{}% 4
\BOOKMARK [1][-]{section.3}{\376\377\000C\000l\000i\000f\000f\000o\000r\000d\000\040\000A\000l\000g\000e\000b\000r\000a\000\040\000a\000n\000d\000\040\000G\000r\000o\000u\000p\000\040\000T\000h\000e\000o\000r\000y}{}% 5
\BOOKMARK [2][-]{subsection.3.1}{\376\377\000C\000l\000\050\0001\000,\0007\000\051\000\040\000S\000p\000i\000n\000o\000r\000\040\000R\000e\000p\000r\000e\000s\000e\000n\000t\000a\000t\000i\000o\000n}{section.3}% 6
\BOOKMARK [2][-]{subsection.3.2}{\376\377\000q\000-\000r\000a\000t\000i\000o\000\040\000=\000\040\000N\000c}{section.3}% 7
\BOOKMARK [1][-]{section.4}{\376\377\000M\000u\000l\000t\000i\000f\000r\000a\000c\000t\000a\000l\000\040\000S\000p\000e\000c\000t\000r\000u\000m\000\040\000a\000n\000d\000\040\000I\000n\000f\000o\000r\000m\000a\000t\000i\000o\000n\000\040\000G\000e\000o\000m\000e\000t\000r\000y}{}% 8
\BOOKMARK [2][-]{subsection.4.1}{\376\377\000B\000o\000w\000e\000n\000\040\000F\000o\000r\000m\000u\000l\000a\000\040\000a\000n\000d\000\040\000T\000h\000e\000r\000m\000o\000d\000y\000n\000a\000m\000i\000c\000\040\000F\000o\000r\000m\000a\000l\000i\000s\000m}{section.4}% 9
\BOOKMARK [2][-]{subsection.4.2}{\376\377\000F\000i\000s\000h\000e\000r\000\040\000I\000n\000f\000o\000r\000m\000a\000t\000i\000o\000n\000\040\000a\000n\000d\000\040\000C\000r\000a\000m\000\351\000r\000-\000R\000a\000o\000\040\000B\000o\000u\000n\000d}{section.4}% 10
\BOOKMARK [2][-]{subsection.4.3}{\376\377\000T\000h\000e\000\040\000s\000\040\000F\000o\000r\000m\000u\000l\000a}{section.4}% 11
\BOOKMARK [1][-]{section.5}{\376\377\000O\000p\000e\000r\000a\000t\000o\000r\000\040\000T\000h\000e\000o\000r\000y\000\040\000a\000n\000d\000\040\000S\000p\000e\000c\000t\000r\000a\000l\000\040\000C\000o\000r\000r\000e\000s\000p\000o\000n\000d\000e\000n\000c\000e}{}% 12
\BOOKMARK [1][-]{section.6}{\376\377\000S\000t\000a\000n\000d\000a\000r\000d\000\040\000M\000o\000d\000e\000l\000\040\000M\000a\000s\000s\000\040\000S\000p\000e\000c\000t\000r\000u\000m}{}% 13
\BOOKMARK [2][-]{subsection.6.1}{\376\377\000A\000b\000s\000o\000l\000u\000t\000e\000\040\000Y\000u\000k\000a\000w\000a\000\040\000S\000c\000a\000l\000e}{section.6}% 14
\BOOKMARK [2][-]{subsection.6.2}{\376\377\000C\000o\000m\000p\000l\000e\000t\000e\000\040\000M\000a\000s\000s\000\040\000S\000p\000e\000c\000t\000r\000u\000m}{section.6}% 15
\BOOKMARK [1][-]{section.7}{\376\377\000C\000a\000t\000e\000g\000o\000r\000y\000\040\000T\000h\000e\000o\000r\000y\000\040\000a\000n\000d\000\040\000M\000o\000r\000i\000t\000a\000\040\000E\000q\000u\000i\000v\000a\000l\000e\000n\000c\000e}{}% 16
\BOOKMARK [2][-]{subsection.7.1}{\376\377\000E\000m\000b\000e\000d\000d\000i\000n\000g\000\040\000G\000R\000,\000\040\000S\000t\000r\000i\000n\000g\000\040\000T\000h\000e\000o\000r\000y\000\040\000a\000n\000d\000\040\000M\000-\000t\000h\000e\000o\000r\000y}{section.7}% 17
\BOOKMARK [1][-]{section.8}{\376\377\000H\000o\000l\000o\000g\000r\000a\000p\000h\000i\000c\000\040\000D\000i\000c\000t\000i\000o\000n\000a\000r\000y}{}% 18
\BOOKMARK [2][-]{subsection.8.1}{\376\377\000M\000S\000S\000\040\000C\000h\000a\000o\000s\000\040\000B\000o\000u\000n\000d}{section.8}% 19
\BOOKMARK [1][-]{section.9}{\376\377\000H\000i\000g\000h\000\040\000E\000n\000e\000r\000g\000y\000\040\000P\000h\000y\000s\000i\000c\000s\000\040\000B\000e\000n\000c\000h\000m\000a\000r\000k\000s}{}% 20
\BOOKMARK [2][-]{subsection.9.1}{\376\377\000L\000H\000C\000\040\000S\000c\000a\000t\000t\000e\000r\000i\000n\000g}{section.9}% 21
\BOOKMARK [2][-]{subsection.9.2}{\376\377\000C\000M\000B\000\040\000F\000r\000a\000c\000t\000a\000l\000\040\000S\000p\000e\000c\000t\000r\000u\000m}{section.9}% 22
\BOOKMARK [2][-]{subsection.9.3}{\376\377\000N\000e\000u\000t\000r\000i\000n\000o\000\040\000O\000s\000c\000i\000l\000l\000a\000t\000i\000o\000n\000s}{section.9}% 23
\BOOKMARK [1][-]{section.10}{\376\377\000C\000o\000n\000c\000l\000u\000s\000i\000o\000n\000\040\000a\000n\000d\000\040\000O\000u\000t\000l\000o\000o\000k}{}% 24
\BOOKMARK [1][-]{appendix.A}{\376\377\000N\000u\000m\000e\000r\000i\000c\000a\000l\000\040\000V\000e\000r\000i\000f\000i\000c\000a\000t\000i\000o\000n\000\040\000S\000u\000i\000t\000e\000s}{}% 25
\BOOKMARK [1][-]{appendix.B}{\376\377\000C\000l\000i\000f\000f\000o\000r\000d\000\040\000A\000l\000g\000e\000b\000r\000a\000\040\000G\000a\000m\000m\000a\000\040\000M\000a\000t\000r\000i\000x\000\040\000C\000o\000n\000s\000t\000r\000u\000c\000t\000i\000o\000n\000s}{}% 26
